<html><body>
<h1>Hello! This is your car!</h1>
<h1> Renault Corsa </h1>
<h1> RED </h1>
<h1> ELECTRIC </h1>
</body></html>
